// Jest Snapshot v1, https://goo.gl/fbAQLP

exports[`Options context {String} 1`] = `
"/* eslint-disable */
import png from './file.png';

export default png;
"
`;
