// Jest Snapshot v1, https://goo.gl/fbAQLP

exports[`Options emitFile {Boolean} True (Default) 1`] = `undefined`;
