// Jest Snapshot v1, https://goo.gl/fbAQLP

exports[`Options outputPath {Function} 1`] = `
Object {
  "assets": Array [],
  "source": "/* eslint-disable */
import png from './file.png';

export default png;
",
}
`;

exports[`Options outputPath {Function} with \`options.name\` 1`] = `
Object {
  "assets": Array [],
  "source": "/* eslint-disable */
import png from './file.png';

export default png;
",
}
`;

exports[`Options outputPath {Function} with \`publicPath\` {Function} 1`] = `
Object {
  "assets": Array [],
  "source": "/* eslint-disable */
import png from './file.png';

export default png;
",
}
`;

exports[`Options outputPath {Function} with \`publicPath\` {String} 1`] = `
Object {
  "assets": Array [],
  "source": "/* eslint-disable */
import png from './file.png';

export default png;
",
}
`;

exports[`Options outputPath {String} 1`] = `
Object {
  "assets": Array [],
  "source": "/* eslint-disable */
import png from './file.png';

export default png;
",
}
`;

exports[`Options outputPath {String} with \`options.name\` 1`] = `
Object {
  "assets": Array [],
  "source": "/* eslint-disable */
import png from './file.png';

export default png;
",
}
`;

exports[`Options outputPath {String} with \`publicPath\` {Function} 1`] = `
Object {
  "assets": Array [],
  "source": "/* eslint-disable */
import png from './file.png';

export default png;
",
}
`;

exports[`Options outputPath {String} with \`publicPath\` {String} 1`] = `
Object {
  "assets": Array [],
  "source": "/* eslint-disable */
import png from './file.png';

export default png;
",
}
`;

exports[`Options outputPath {String} with \`publicPath\` {String} without trailing slash 1`] = `
Object {
  "assets": Array [],
  "source": "/* eslint-disable */
import png from './file.png';

export default png;
",
}
`;

exports[`Options outputPath {String} without trailing slash 1`] = `
Object {
  "assets": Array [],
  "source": "/* eslint-disable */
import png from './file.png';

export default png;
",
}
`;
