// Jest Snapshot v1, https://goo.gl/fbAQLP

exports[`Errors Loader Error 1`] = `
"Nib Loader

emitFile is required from module system"
`;

exports[`Errors Validation Error 1`] = `
"Nib Loader Invalid Options

options.useRelativePath should be boolean
"
`;
