// Jest Snapshot v1, https://goo.gl/fbAQLP

exports[`Loader Defaults 1`] = `
"/* eslint-disable */
import png from './file.png';

export default png;
"
`;
